This file contains any messages produced by compilers while
running configure, to aid debugging if configure makes a mistake.

It was created by package-unused configure version-unused, which was
generated by GNU Autoconf 2.69.  Invocation command line was

  $ configure 

## --------- ##
## Platform. ##
## --------- ##

hostname = localhost
uname -m = armv8l
uname -r = 5.4.276-android12-9-660526-g88e0fbe0287a-ab753
uname -s = Linux
uname -v = #1 SMP PREEMPT Thu Dec 26 17:12:40 CST 2024

/usr/bin/uname -p = unknown
/bin/uname -X     = unknown

/bin/arch              = unknown
/usr/bin/arch -k       = unknown
/usr/convex/getsysinfo = unknown
/usr/bin/hostinfo      = unknown
/bin/machine           = unknown
/usr/bin/oslevel       = unknown
/bin/universe          = unknown

PATH: /data/data/com.termux/files/home/bin
PATH: /data/data/com.termux/files/home/ktfmt
PATH: /data/data/com.termux/files/home/gradle/gradle-8.13/bin
PATH: /data/data/com.termux/files/home/android-sdk/cmdline-tools/latest/bin
PATH: /data/data/com.termux/files/home/android-sdk/platform-tools
PATH: /data/data/com.termux/files/usr/bin
PATH: /data/data/com.termux/files/usr/bin/texlive
PATH: /data/data/com.termux/files/home/.local/bin/


## ----------- ##
## Core tests. ##
## ----------- ##

configure:2394: checking build system type
configure:2408: result: armv8l-unknown-linux-gnueabi
configure:2428: checking host system type
configure:2441: result: armv8l-unknown-linux-gnueabi
configure:2461: checking target system type
configure:2474: result: armv8l-unknown-linux-gnueabi
configure:2554: checking for gcc
configure:2570: found /data/data/com.termux/files/usr/bin/gcc
configure:2581: result: gcc
configure:2810: checking for C compiler version
configure:2819: gcc --version >&5
clang version 21.1.8
Target: armv7a-unknown-linux-android24
Thread model: posix
InstalledDir: /data/data/com.termux/files/usr/bin
configure:2830: $? = 0
configure:2819: gcc -v >&5
clang version 21.1.8
Target: armv7a-unknown-linux-android24
Thread model: posix
InstalledDir: /data/data/com.termux/files/usr/bin
configure:2830: $? = 0
configure:2819: gcc -V >&5
gcc: error: argument to '-V' is missing (expected 1 value)
gcc: error: no input files
configure:2830: $? = 1
configure:2819: gcc -qversion >&5
gcc: error: unknown argument '-qversion'; did you mean '--version'?
gcc: error: no input files
configure:2830: $? = 1
configure:2850: checking whether the C compiler works
configure:2872: gcc    conftest.c  >&5
configure:2876: $? = 0
configure:2924: result: yes
configure:2927: checking for C compiler default output file name
configure:2929: result: a.out
configure:2935: checking for suffix of executables
configure:2942: gcc -o conftest    conftest.c  >&5
configure:2946: $? = 0
configure:2968: result: 
configure:2990: checking whether we are cross compiling
configure:2998: gcc -o conftest    conftest.c  >&5
configure:3002: $? = 0
configure:3009: ./conftest
configure: line 3011: ./conftest: Permission denied
configure:3013: $? = 126
configure:3020: error: in `/storage/emulated/0/Jay/magicbat/libbacktrace':
configure:3022: error: cannot run C compiled programs.
If you meant to cross compile, use `--host'.
See `config.log' for more details

## ---------------- ##
## Cache variables. ##
## ---------------- ##

ac_cv_build=armv8l-unknown-linux-gnueabi
ac_cv_env_CC_set=
ac_cv_env_CC_value=
ac_cv_env_CFLAGS_set=
ac_cv_env_CFLAGS_value=
ac_cv_env_CPPFLAGS_set=
ac_cv_env_CPPFLAGS_value=
ac_cv_env_CPP_set=
ac_cv_env_CPP_value=
ac_cv_env_DSYMUTIL_set=
ac_cv_env_DSYMUTIL_value=
ac_cv_env_LDFLAGS_set=
ac_cv_env_LDFLAGS_value=
ac_cv_env_LIBS_set=
ac_cv_env_LIBS_value=
ac_cv_env_NM_set=
ac_cv_env_NM_value=
ac_cv_env_OBJCOPY_set=
ac_cv_env_OBJCOPY_value=
ac_cv_env_build_alias_set=
ac_cv_env_build_alias_value=
ac_cv_env_host_alias_set=
ac_cv_env_host_alias_value=
ac_cv_env_target_alias_set=
ac_cv_env_target_alias_value=
ac_cv_host=armv8l-unknown-linux-gnueabi
ac_cv_prog_ac_ct_CC=gcc
ac_cv_target=armv8l-unknown-linux-gnueabi

## ----------------- ##
## Output variables. ##
## ----------------- ##

ACLOCAL=''
ALLOC_FILE=''
AMTAR=''
AM_BACKSLASH=''
AM_DEFAULT_V=''
AM_DEFAULT_VERBOSITY=''
AM_V=''
AR=''
AUTOCONF=''
AUTOHEADER=''
AUTOMAKE=''
AWK=''
BACKTRACE_FILE=''
BACKTRACE_SUPPORTED=''
BACKTRACE_SUPPORTS_DATA=''
BACKTRACE_SUPPORTS_THREADS=''
BACKTRACE_USES_MALLOC=''
CC='gcc'
CFLAGS=''
CLOCK_GETTIME_LINK=''
COMM=''
CPP=''
CPPFLAGS=''
CYGPATH_W=''
DEFS=''
DSYMUTIL=''
DUMPBIN=''
DWZ=''
ECHO_C=''
ECHO_N='-n'
ECHO_T=''
EGREP=''
ENABLE_DARWIN_AT_RPATH_FALSE=''
ENABLE_DARWIN_AT_RPATH_TRUE=''
EXEEXT=''
EXTRA_FLAGS=''
FGREP=''
FORMAT_FILE=''
GREP=''
HAVE_BUILDID_FALSE=''
HAVE_BUILDID_TRUE=''
HAVE_COMM_FALSE=''
HAVE_COMM_TRUE=''
HAVE_COMPRESSED_DEBUG_ZLIB_GABI_FALSE=''
HAVE_COMPRESSED_DEBUG_ZLIB_GABI_TRUE=''
HAVE_COMPRESSED_DEBUG_ZLIB_GNU_FALSE=''
HAVE_COMPRESSED_DEBUG_ZLIB_GNU_TRUE=''
HAVE_COMPRESSED_DEBUG_ZSTD_FALSE=''
HAVE_COMPRESSED_DEBUG_ZSTD_TRUE=''
HAVE_DWARF5_FALSE=''
HAVE_DWARF5_TRUE=''
HAVE_DWZ_FALSE=''
HAVE_DWZ_TRUE=''
HAVE_ELF_FALSE=''
HAVE_ELF_TRUE=''
HAVE_LIBLZMA_FALSE=''
HAVE_LIBLZMA_TRUE=''
HAVE_MINIDEBUG_FALSE=''
HAVE_MINIDEBUG_TRUE=''
HAVE_OBJCOPY_DEBUGLINK_FALSE=''
HAVE_OBJCOPY_DEBUGLINK_TRUE=''
HAVE_PTHREAD_FALSE=''
HAVE_PTHREAD_TRUE=''
HAVE_XZ_FALSE=''
HAVE_XZ_TRUE=''
HAVE_ZLIB_FALSE=''
HAVE_ZLIB_TRUE=''
HAVE_ZSTD_FALSE=''
HAVE_ZSTD_TRUE=''
INSTALL_DATA=''
INSTALL_PROGRAM=''
INSTALL_SCRIPT=''
INSTALL_STRIP_PROGRAM=''
LD=''
LDFLAGS=''
LIBOBJS=''
LIBS=''
LIBTOOL=''
LIPO=''
LN_S=''
LTLIBOBJS=''
MAINT=''
MAINTAINER_MODE_FALSE=''
MAINTAINER_MODE_TRUE=''
MAKEINFO=''
MKDIR_P=''
NATIVE_FALSE=''
NATIVE_TRUE=''
NM=''
NMEDIT=''
OBJCOPY=''
OBJDUMP=''
OBJEXT=''
OTOOL64=''
OTOOL=''
PACKAGE=''
PACKAGE_BUGREPORT=''
PACKAGE_NAME='package-unused'
PACKAGE_STRING='package-unused version-unused'
PACKAGE_TARNAME='libbacktrace'
PACKAGE_URL=''
PACKAGE_VERSION='version-unused'
PATH_SEPARATOR=':'
PIC_FLAG=''
PTHREAD_CFLAGS=''
RANLIB=''
READELF=''
SED=''
SET_MAKE=''
SHELL='/bin/sh'
STRIP=''
USE_DSYMUTIL_FALSE=''
USE_DSYMUTIL_TRUE=''
VERSION=''
VIEW_FILE=''
WARN_FLAGS=''
XZ=''
ac_ct_CC='gcc'
ac_ct_DUMPBIN=''
am__EXEEXT_FALSE=''
am__EXEEXT_TRUE=''
am__isrc=''
am__leading_dot=''
am__tar=''
am__untar=''
bindir='${exec_prefix}/bin'
build='armv8l-unknown-linux-gnueabi'
build_alias=''
build_cpu='armv8l'
build_os='linux-gnueabi'
build_vendor='unknown'
datadir='${datarootdir}'
datarootdir='${prefix}/share'
docdir='${datarootdir}/doc/${PACKAGE_TARNAME}'
dvidir='${docdir}'
exec_prefix='NONE'
host='armv8l-unknown-linux-gnueabi'
host_alias=''
host_cpu='armv8l'
host_os='linux-gnueabi'
host_vendor='unknown'
htmldir='${docdir}'
includedir='${prefix}/include'
infodir='${datarootdir}/info'
install_sh=''
libdir='${exec_prefix}/lib'
libexecdir='${exec_prefix}/libexec'
libtool_VERSION=''
localedir='${datarootdir}/locale'
localstatedir='${prefix}/var'
mandir='${datarootdir}/man'
mkdir_p=''
multi_basedir=''
oldincludedir='/usr/include'
pdfdir='${docdir}'
prefix='NONE'
program_transform_name='s,x,x,'
psdir='${docdir}'
sbindir='${exec_prefix}/sbin'
sharedstatedir='${prefix}/com'
sysconfdir='${prefix}/etc'
target='armv8l-unknown-linux-gnueabi'
target_alias=''
target_cpu='armv8l'
target_os='linux-gnueabi'
target_vendor='unknown'

## ----------- ##
## confdefs.h. ##
## ----------- ##

/* confdefs.h */
#define PACKAGE_NAME "package-unused"
#define PACKAGE_TARNAME "libbacktrace"
#define PACKAGE_VERSION "version-unused"
#define PACKAGE_STRING "package-unused version-unused"
#define PACKAGE_BUGREPORT ""
#define PACKAGE_URL ""

configure: exit 1
